<?php return array (
  0 => 'Symfony\\Bundle\\FrameworkBundle\\Controller\\AbstractController',
  1 => 'App\\Controller\\DefaultController',
  2 => 'App\\Controller\\Web2printController',
  3 => 'Doctrine\\Bundle\\DoctrineBundle\\Controller\\ProfilerController',
  4 => 'FOS\\JsRoutingBundle\\Controller\\Controller',
  5 => 'Pimcore\\Bundle\\AdminBundle\\Controller\\AdminController',
  6 => 'Pimcore\\Bundle\\AdminBundle\\Controller\\AdminControllerInterface',
  7 => 'Pimcore\\Bundle\\AdminBundle\\Controller\\Admin\\Asset\\AssetController',
  8 => 'Pimcore\\Bundle\\AdminBundle\\Controller\\Admin\\Asset\\AssetHelperController',
  9 => 'Pimcore\\Bundle\\AdminBundle\\Controller\\Admin\\DataObject\\ClassController',
  10 => 'Pimcore\\Bundle\\AdminBundle\\Controller\\Admin\\DataObject\\ClassificationstoreController',
  11 => 'Pimcore\\Bundle\\AdminBundle\\Controller\\Admin\\DataObject\\DataObjectActionsTrait',
  12 => 'Pimcore\\Bundle\\AdminBundle\\Controller\\Admin\\DataObject\\DataObjectController',
  13 => 'Pimcore\\Bundle\\AdminBundle\\Controller\\Admin\\DataObject\\DataObjectHelperController',
  14 => 'Pimcore\\Bundle\\AdminBundle\\Controller\\Admin\\DataObject\\QuantityValueController',
  15 => 'Pimcore\\Bundle\\AdminBundle\\Controller\\Admin\\DataObject\\VariantsController',
  16 => 'Pimcore\\Bundle\\AdminBundle\\Controller\\Admin\\Document\\DocumentController',
  17 => 'Pimcore\\Bundle\\AdminBundle\\Controller\\Admin\\Document\\DocumentControllerBase',
  18 => 'Pimcore\\Bundle\\AdminBundle\\Controller\\Admin\\Document\\EmailController',
  19 => 'Pimcore\\Bundle\\AdminBundle\\Controller\\Admin\\Document\\FolderController',
  20 => 'Pimcore\\Bundle\\AdminBundle\\Controller\\Admin\\Document\\HardlinkController',
  21 => 'Pimcore\\Bundle\\AdminBundle\\Controller\\Admin\\Document\\LinkController',
  22 => 'Pimcore\\Bundle\\AdminBundle\\Controller\\Admin\\Document\\NewsletterController',
  23 => 'Pimcore\\Bundle\\AdminBundle\\Controller\\Admin\\Document\\PageController',
  24 => 'Pimcore\\Bundle\\AdminBundle\\Controller\\Admin\\Document\\PrintcontainerController',
  25 => 'Pimcore\\Bundle\\AdminBundle\\Controller\\Admin\\Document\\PrintpageController',
  26 => 'Pimcore\\Bundle\\AdminBundle\\Controller\\Admin\\Document\\PrintpageControllerBase',
  27 => 'Pimcore\\Bundle\\AdminBundle\\Controller\\Admin\\Document\\RenderletController',
  28 => 'Pimcore\\Bundle\\AdminBundle\\Controller\\Admin\\Document\\SnippetController',
  29 => 'Pimcore\\Bundle\\AdminBundle\\Controller\\Admin\\ElementController',
  30 => 'Pimcore\\Bundle\\AdminBundle\\Controller\\Admin\\ElementControllerBase',
  31 => 'Pimcore\\Bundle\\AdminBundle\\Controller\\Admin\\EmailController',
  32 => 'Pimcore\\Bundle\\AdminBundle\\Controller\\Admin\\External\\AdminerController',
  33 => 'Pimcore\\Bundle\\AdminBundle\\Controller\\Admin\\External\\OpcacheController',
  34 => 'Pimcore\\Bundle\\AdminBundle\\Controller\\Admin\\IndexController',
  35 => 'Pimcore\\Bundle\\AdminBundle\\Controller\\Admin\\InstallController',
  36 => 'Pimcore\\Bundle\\AdminBundle\\Controller\\Admin\\LogController',
  37 => 'Pimcore\\Bundle\\AdminBundle\\Controller\\Admin\\LoginController',
  38 => 'Pimcore\\Bundle\\AdminBundle\\Controller\\Admin\\MiscController',
  39 => 'Pimcore\\Bundle\\AdminBundle\\Controller\\Admin\\NotificationController',
  40 => 'Pimcore\\Bundle\\AdminBundle\\Controller\\Admin\\PortalController',
  41 => 'Pimcore\\Bundle\\AdminBundle\\Controller\\Admin\\RecyclebinController',
  42 => 'Pimcore\\Bundle\\AdminBundle\\Controller\\Admin\\RedirectsController',
  43 => 'Pimcore\\Bundle\\AdminBundle\\Controller\\Admin\\SettingsController',
  44 => 'Pimcore\\Bundle\\AdminBundle\\Controller\\Admin\\TagsController',
  45 => 'Pimcore\\Bundle\\AdminBundle\\Controller\\Admin\\TargetingController',
  46 => 'Pimcore\\Bundle\\AdminBundle\\Controller\\Admin\\TranslationController',
  47 => 'Pimcore\\Bundle\\AdminBundle\\Controller\\Admin\\UserController',
  48 => 'Pimcore\\Bundle\\AdminBundle\\Controller\\Admin\\WorkflowController',
  49 => 'Pimcore\\Bundle\\AdminBundle\\Controller\\BruteforceProtectedControllerInterface',
  50 => 'Pimcore\\Bundle\\AdminBundle\\Controller\\DoubleAuthenticationControllerInterface',
  51 => 'Pimcore\\Bundle\\AdminBundle\\Controller\\ExtensionManager\\ExtensionManagerController',
  52 => 'Pimcore\\Bundle\\AdminBundle\\Controller\\GDPR\\AdminController',
  53 => 'Pimcore\\Bundle\\AdminBundle\\Controller\\GDPR\\AssetController',
  54 => 'Pimcore\\Bundle\\AdminBundle\\Controller\\GDPR\\DataObjectController',
  55 => 'Pimcore\\Bundle\\AdminBundle\\Controller\\GDPR\\PimcoreUsersController',
  56 => 'Pimcore\\Bundle\\AdminBundle\\Controller\\GDPR\\SentMailController',
  57 => 'Pimcore\\Bundle\\AdminBundle\\Controller\\Reports\\AnalyticsController',
  58 => 'Pimcore\\Bundle\\AdminBundle\\Controller\\Reports\\CustomReportController',
  59 => 'Pimcore\\Bundle\\AdminBundle\\Controller\\Reports\\ReportsControllerBase',
  60 => 'Pimcore\\Bundle\\AdminBundle\\Controller\\Reports\\SettingsController',
  61 => 'Pimcore\\Bundle\\AdminBundle\\Controller\\Searchadmin\\SearchController',
  62 => 'Pimcore\\Bundle\\AdminBundle\\Controller\\Traits\\AdminStyleTrait',
  63 => 'Pimcore\\Bundle\\AdminBundle\\Controller\\Traits\\ApplySchedulerDataTrait',
  64 => 'Pimcore\\Bundle\\AdminBundle\\Controller\\Traits\\DocumentTreeConfigTrait',
  65 => 'Pimcore\\Bundle\\CoreBundle\\Controller\\PublicServicesController',
  66 => 'Pimcore\\Bundle\\EcommerceFrameworkBundle\\Controller\\AdminOrderController',
  67 => 'Pimcore\\Bundle\\EcommerceFrameworkBundle\\Controller\\ConfigController',
  68 => 'Pimcore\\Bundle\\EcommerceFrameworkBundle\\Controller\\FindologicController',
  69 => 'Pimcore\\Bundle\\EcommerceFrameworkBundle\\Controller\\IndexController',
  70 => 'Pimcore\\Bundle\\EcommerceFrameworkBundle\\Controller\\PricingController',
  71 => 'Pimcore\\Bundle\\EcommerceFrameworkBundle\\Controller\\VoucherController',
  72 => 'Pimcore\\Controller\\ArgumentValueResolver\\DocumentValueResolver',
  73 => 'Pimcore\\Controller\\ArgumentValueResolver\\EditmodeValueResolver',
  74 => 'Pimcore\\Controller\\ArgumentValueResolver\\WebsiteConfigValueResolver',
  75 => 'Pimcore\\Controller\\Config\\ControllerDataProvider',
  76 => 'Pimcore\\Controller\\Configuration\\ResponseHeader',
  77 => 'Pimcore\\Controller\\Controller',
  78 => 'Pimcore\\Controller\\FrontendController',
  79 => 'Pimcore\\Controller\\KernelControllerEventInterface',
  80 => 'Pimcore\\Controller\\KernelResponseEventInterface',
  81 => 'Pimcore\\Controller\\Traits\\ElementEditLockHelperTrait',
  82 => 'Presta\\SitemapBundle\\Controller\\SitemapController',
  83 => 'Scheb\\TwoFactorBundle\\Controller\\FormController',
  85 => 'Symfony\\Bundle\\FrameworkBundle\\Controller\\ControllerResolver',
  86 => 'Symfony\\Bundle\\FrameworkBundle\\Controller\\RedirectController',
  87 => 'Symfony\\Bundle\\FrameworkBundle\\Controller\\TemplateController',
  88 => 'Symfony\\Bundle\\WebProfilerBundle\\Controller\\ExceptionPanelController',
  89 => 'Symfony\\Bundle\\WebProfilerBundle\\Controller\\ProfilerController',
  90 => 'Symfony\\Bundle\\WebProfilerBundle\\Controller\\RouterController',
  91 => 'Symfony\\Cmf\\Bundle\\RoutingBundle\\Controller\\RedirectController',
  92 => 'Symfony\\Component\\HttpKernel\\Controller\\ArgumentResolver',
  93 => 'Symfony\\Component\\HttpKernel\\Controller\\ArgumentResolverInterface',
  94 => 'Symfony\\Component\\HttpKernel\\Controller\\ArgumentResolver\\DefaultValueResolver',
  95 => 'Symfony\\Component\\HttpKernel\\Controller\\ArgumentResolver\\NotTaggedControllerValueResolver',
  96 => 'Symfony\\Component\\HttpKernel\\Controller\\ArgumentResolver\\RequestAttributeValueResolver',
  97 => 'Symfony\\Component\\HttpKernel\\Controller\\ArgumentResolver\\RequestValueResolver',
  98 => 'Symfony\\Component\\HttpKernel\\Controller\\ArgumentResolver\\ServiceValueResolver',
  99 => 'Symfony\\Component\\HttpKernel\\Controller\\ArgumentResolver\\SessionValueResolver',
  100 => 'Symfony\\Component\\HttpKernel\\Controller\\ArgumentResolver\\TraceableValueResolver',
  101 => 'Symfony\\Component\\HttpKernel\\Controller\\ArgumentResolver\\VariadicValueResolver',
  102 => 'Symfony\\Component\\HttpKernel\\Controller\\ArgumentValueResolverInterface',
  103 => 'Symfony\\Component\\HttpKernel\\Controller\\ContainerControllerResolver',
  104 => 'Symfony\\Component\\HttpKernel\\Controller\\ControllerReference',
  105 => 'Symfony\\Component\\HttpKernel\\Controller\\ControllerResolver',
  106 => 'Symfony\\Component\\HttpKernel\\Controller\\ControllerResolverInterface',
  107 => 'Symfony\\Component\\HttpKernel\\Controller\\ErrorController',
  108 => 'Symfony\\Component\\HttpKernel\\Controller\\TraceableArgumentResolver',
  109 => 'Symfony\\Component\\HttpKernel\\Controller\\TraceableControllerResolver',
  110 => 'Symfony\\Component\\Security\\Http\\Controller\\UserValueResolver',
);